// Jest Snapshot v1, https://goo.gl/fbAQLP

exports[`Checking if Home page renders correctly 1`] = `
Object {
  "asFragment": [Function],
  "baseElement": <body>
    <div>
      <div>
        <div
          class="welcome"
        >
          <h1>
            Welcome to Our Page
          </h1>
          <p>
            Lorem, ipsum dolor sit amet consectetur adipisicing elit. Facilis consectetur saepe sunt consequatur labore, exercitationem nesciunt reiciendis? Exercitationem, consectetur minima odio harum asperiores pariatur eum accusantium soluta rem, maxime minus.Lorem, ipsum dolor sit amet consectetur adipisicing elit.Facilis consectetur saepe sunt consequatur labore.
          </p>
          <p>
            Lorem, ipsum dolor sit amet consectetur adipisicing elit. Facilis consectetur saepe sunt consequatur labore, exercitationem nesciunt reiciendis? Exercitationem, consectetur minima odio harum asperiores pariatur eum accusantium soluta rem, maxime minus.Lorem, ipsum dolor sit amet consectetur adipisicing elit.Facilis consectetur saepe sunt consequatur labore.
          </p>
          <p>
            Lorem, ipsum dolor sit amet consectetur adipisicing elit. Facilis consectetur saepe sunt consequatur labore, exercitationem nesciunt reiciendis? Exercitationem, consectetur minima odio harum asperiores pariatur eum accusantium soluta rem, maxime minus.Lorem, ipsum dolor sit amet consectetur adipisicing elit.Facilis consectetur saepe sunt consequatur labore.
          </p>
        </div>
      </div>
    </div>
  </body>,
  "container": <div>
    <div>
      <div
        class="welcome"
      >
        <h1>
          Welcome to Our Page
        </h1>
        <p>
          Lorem, ipsum dolor sit amet consectetur adipisicing elit. Facilis consectetur saepe sunt consequatur labore, exercitationem nesciunt reiciendis? Exercitationem, consectetur minima odio harum asperiores pariatur eum accusantium soluta rem, maxime minus.Lorem, ipsum dolor sit amet consectetur adipisicing elit.Facilis consectetur saepe sunt consequatur labore.
        </p>
        <p>
          Lorem, ipsum dolor sit amet consectetur adipisicing elit. Facilis consectetur saepe sunt consequatur labore, exercitationem nesciunt reiciendis? Exercitationem, consectetur minima odio harum asperiores pariatur eum accusantium soluta rem, maxime minus.Lorem, ipsum dolor sit amet consectetur adipisicing elit.Facilis consectetur saepe sunt consequatur labore.
        </p>
        <p>
          Lorem, ipsum dolor sit amet consectetur adipisicing elit. Facilis consectetur saepe sunt consequatur labore, exercitationem nesciunt reiciendis? Exercitationem, consectetur minima odio harum asperiores pariatur eum accusantium soluta rem, maxime minus.Lorem, ipsum dolor sit amet consectetur adipisicing elit.Facilis consectetur saepe sunt consequatur labore.
        </p>
      </div>
    </div>
  </div>,
  "debug": [Function],
  "findAllByAltText": [Function],
  "findAllByDisplayValue": [Function],
  "findAllByLabelText": [Function],
  "findAllByPlaceholderText": [Function],
  "findAllByRole": [Function],
  "findAllByTestId": [Function],
  "findAllByText": [Function],
  "findAllByTitle": [Function],
  "findByAltText": [Function],
  "findByDisplayValue": [Function],
  "findByLabelText": [Function],
  "findByPlaceholderText": [Function],
  "findByRole": [Function],
  "findByTestId": [Function],
  "findByText": [Function],
  "findByTitle": [Function],
  "getAllByAltText": [Function],
  "getAllByDisplayValue": [Function],
  "getAllByLabelText": [Function],
  "getAllByPlaceholderText": [Function],
  "getAllByRole": [Function],
  "getAllByTestId": [Function],
  "getAllByText": [Function],
  "getAllByTitle": [Function],
  "getByAltText": [Function],
  "getByDisplayValue": [Function],
  "getByLabelText": [Function],
  "getByPlaceholderText": [Function],
  "getByRole": [Function],
  "getByTestId": [Function],
  "getByText": [Function],
  "getByTitle": [Function],
  "queryAllByAltText": [Function],
  "queryAllByDisplayValue": [Function],
  "queryAllByLabelText": [Function],
  "queryAllByPlaceholderText": [Function],
  "queryAllByRole": [Function],
  "queryAllByTestId": [Function],
  "queryAllByText": [Function],
  "queryAllByTitle": [Function],
  "queryByAltText": [Function],
  "queryByDisplayValue": [Function],
  "queryByLabelText": [Function],
  "queryByPlaceholderText": [Function],
  "queryByRole": [Function],
  "queryByTestId": [Function],
  "queryByText": [Function],
  "queryByTitle": [Function],
  "rerender": [Function],
  "unmount": [Function],
}
`;
